// Vitest Snapshot v1, https://vitest.dev/guide/snapshot.html

exports[`Language Selector component > renders correctly - expanded 1`] = `
<div>
  <div
    class="App lngg"
  >
    <div
      class="relative inline-block text-left"
    >
      <button
        aria-label="Language Selector"
        class="inline-flex justify-center w-full px-4 py-2 text-sm font-medium text-white bg-blue-500 rounded-md hover:bg-blue-700 focus:outline-none focus:border-blue-300 focus:ring focus:ring-blue-200 focus:ring-opacity-50"
        id="dropdown-flags"
      >
        Text
      </button>
      <div
        class="origin-top-right absolute right-0 mt-2 w-56 rounded-md shadow-lg bg-white ring-1 ring-black ring-opacity-5 focus:outline-none"
      >
        <div
          class="py-1"
        >
          <a
            class="block px-4 py-2 text-sm text-gray-700 hover:bg-gray-100"
            data-testid="en"
            href="#"
            id="en"
          >
            Flag
            English
          </a>
          <a
            class="block px-4 py-2 text-sm text-gray-700 hover:bg-gray-100"
            data-testid="en-GB"
            href="#"
            id="en-GB"
          >
            Flag
            English
          </a>
          <a
            class="block px-4 py-2 text-sm text-gray-700 hover:bg-gray-100"
            data-testid="es"
            href="#"
            id="es"
          >
            Flag
            Español
          </a>
          <a
            class="block px-4 py-2 text-sm text-gray-700 hover:bg-gray-100"
            data-testid="de"
            href="#"
            id="de"
          >
            Flag
            Deutsch
          </a>
          <a
            class="block px-4 py-2 text-sm text-gray-700 hover:bg-gray-100"
            data-testid="zh-CN"
            href="#"
            id="zh-CN"
          >
            Flag
            中文
          </a>
        </div>
      </div>
    </div>
  </div>
</div>
`;

exports[`Language Selector component > renders correctly 1`] = `
<div>
  <div
    class="App lngg"
  >
    <div
      class="relative inline-block text-left"
    >
      <button
        aria-label="Language Selector"
        class="inline-flex justify-center w-full px-4 py-2 text-sm font-medium text-white bg-blue-500 rounded-md hover:bg-blue-700 focus:outline-none focus:border-blue-300 focus:ring focus:ring-blue-200 focus:ring-opacity-50"
        id="dropdown-flags"
      >
        Text
      </button>
      <div
        class="origin-top-right absolute right-0 mt-2 w-56 rounded-md shadow-lg bg-white ring-1 ring-black ring-opacity-5 focus:outline-none"
      >
        <div
          class="py-1"
        >
          <a
            class="block px-4 py-2 text-sm text-gray-700 hover:bg-gray-100"
            data-testid="en"
            href="#"
            id="en"
          >
            Flag
            English
          </a>
          <a
            class="block px-4 py-2 text-sm text-gray-700 hover:bg-gray-100"
            data-testid="en-GB"
            href="#"
            id="en-GB"
          >
            Flag
            English
          </a>
          <a
            class="block px-4 py-2 text-sm text-gray-700 hover:bg-gray-100"
            data-testid="es"
            href="#"
            id="es"
          >
            Flag
            Español
          </a>
          <a
            class="block px-4 py-2 text-sm text-gray-700 hover:bg-gray-100"
            data-testid="de"
            href="#"
            id="de"
          >
            Flag
            Deutsch
          </a>
          <a
            class="block px-4 py-2 text-sm text-gray-700 hover:bg-gray-100"
            data-testid="zh-CN"
            href="#"
            id="zh-CN"
          >
            Flag
            中文
          </a>
        </div>
      </div>
    </div>
  </div>
</div>
`;
