// Vitest Snapshot v1

exports[`Language Selector component > renders correctly 1`] = `
<div>
  <div
    class="App lngg"
  >
    <form
      class=""
    >
      <div
        class="dropdown"
      >
        <button
          aria-expanded="false"
          aria-label="Language Selector"
          class="text-left text-white dropdown-toggle btn btn-primary"
          id="dropdown-flags"
          type="button"
        >
          Text
        </button>
      </div>
    </form>
  </div>
</div>
`;
