// Vitest Snapshot v1, https://vitest.dev/guide/snapshot.html

exports[`AQAvit page > renders correctly 1`] = `
<main>
  <div
    class="bg-purple sm:bg-contain bg-aqavit-hero bg-center bg-no-repeat relative"
  >
    <div
      class="relative isolate"
    >
      <div
        class="absolute sm:hidden top-[80px] z-[-1] left-[50%] translate-x-[-50%]"
      >
        <img
          alt="background-image"
        />
      </div>
      <div
        aria-hidden="true"
        class="absolute inset-x-0 -top-40 -z-10 transform-gpu overflow-hidden blur-3xl sm:-top-80"
      />
      <div
        class="max-w-[1264px] mx-auto flex justify-center items-center"
      >
        <div
          class="mx-auto max-w-[832px] w-full h-[680px] sm:h-[720px] px-8 lg:px-0 flex items-center"
        >
          <div
            class="text-center w-full"
          >
            <h1
              class="font-semibold leading-[72px] lg:leading-[120px] text-white-900 text-[64px] lg:text-[104px]"
            >
              Eclipse AQAvit
            </h1>
            <p
              class="lg:my-10 mt-6  mb-10 text-2xl leading-8 text-white-600  font-semibold"
            >
              Some tagline about AQAvit
            </p>
            <div
              class="mt-10 flex items-center sm:flex-row flex-col-reverse justify-center gap-6"
            >
              <a
                class="text-base underline transition duration-300 ease-in-out font-bold leading-6 text-white-900"
                href="/en/temurin/releases"
                placeholder="Download AQAvit"
              >
                Learn More
              </a>
              <a
                class="rounded-[80px] hover:shadow-2xl transition-all duration-300 bg-[#FF1464] border ease-in-out  border-[#FF1464] flex items-center justify-center gap-3 w-[244px] h-[56px] text-white font-bold leading-6 text-base"
                href="/en#"
                placeholder="Download AQAvit"
              >
                Download AQAvit
              </a>
            </div>
          </div>
        </div>
      </div>
    </div>
  </div>
  <div
    class=" max-w-[1160px] w-full mx-auto py-8 lg:py-16 xl:px-0 px-8  "
  >
    <h2
      class="text-center text-xl font-normal leading-7 text-grey"
    >
      Temurin is trusted by millions of developers
    </h2>
    <div
      class="slick-slider mt-6 slick-initialized"
      dir="ltr"
    >
      <div
        class="slick-list"
      >
        <div
          class="slick-track"
          style="opacity: 1; transform: translate3d(0px, 0px, 0px);"
        >
          <div
            aria-hidden="true"
            class="slick-slide slick-cloned"
            data-index="-6"
            style="width: 0px;"
            tabindex="-1"
          >
            <div>
              <span
                class="px-4"
                style="width: 100%; display: inline-block;"
                tabindex="-1"
              >
                <img
                  alt="Michelin"
                  class="h-12 lg:h-16 w-auto object-contain mx-auto"
                  src="/images/adopters/logo-michelin-white.svg"
                  style="padding: 0px;"
                />
              </span>
            </div>
          </div>
          <div
            aria-hidden="true"
            class="slick-slide slick-cloned"
            data-index="-5"
            style="width: 0px;"
            tabindex="-1"
          >
            <div>
              <span
                class="px-4"
                style="width: 100%; display: inline-block;"
                tabindex="-1"
              >
                <img
                  alt="Microsoft"
                  class="h-12 lg:h-16 w-auto object-contain mx-auto"
                  src="/images/adopters/logo-microsoft-white.svg"
                  style="padding: 0px;"
                />
              </span>
            </div>
          </div>
          <div
            aria-hidden="true"
            class="slick-slide slick-cloned"
            data-index="-4"
            style="width: 0px;"
            tabindex="-1"
          >
            <div>
              <span
                class="px-4"
                style="width: 100%; display: inline-block;"
                tabindex="-1"
              >
                <img
                  alt="MongoDB"
                  class="h-12 lg:h-16 w-auto object-contain mx-auto"
                  src="/images/adopters/logo-mongodb-white.svg"
                  style="padding: 0px;"
                />
              </span>
            </div>
          </div>
          <div
            aria-hidden="true"
            class="slick-slide slick-cloned"
            data-index="-3"
            style="width: 0px;"
            tabindex="-1"
          >
            <div>
              <span
                class="px-4"
                style="width: 100%; display: inline-block;"
                tabindex="-1"
              >
                <img
                  alt="Red Hat"
                  class="h-12 lg:h-16 w-auto object-contain mx-auto"
                  src="/images/adopters/Logo-RedHat-A-White-RGB.svg"
                  style="padding: 0px;"
                />
              </span>
            </div>
          </div>
          <div
            aria-hidden="true"
            class="slick-slide slick-cloned"
            data-index="-2"
            style="width: 0px;"
            tabindex="-1"
          >
            <div>
              <span
                class="px-4"
                style="width: 100%; display: inline-block;"
                tabindex="-1"
              >
                <img
                  alt="Societe Generale"
                  class="h-12 lg:h-16 w-auto object-contain mx-auto"
                  src="/images/adopters/logo-societe-generale-white.svg"
                  style="padding: 0px;"
                />
              </span>
            </div>
          </div>
          <div
            aria-hidden="true"
            class="slick-slide slick-cloned"
            data-index="-1"
            style="width: 0px;"
            tabindex="-1"
          >
            <div>
              <span
                class="px-4"
                style="width: 100%; display: inline-block;"
                tabindex="-1"
              >
                <img
                  alt="T-Systems"
                  class="h-12 lg:h-16 w-auto object-contain mx-auto"
                  src="/images/adopters/logo-t-systems-white.svg"
                  style="padding: 0px;"
                />
              </span>
            </div>
          </div>
          <div
            aria-hidden="false"
            class="slick-slide slick-active slick-current"
            data-index="0"
            style="outline: none; width: 0px;"
            tabindex="-1"
          >
            <div>
              <span
                class="px-4"
                style="width: 100%; display: inline-block;"
                tabindex="-1"
              >
                <img
                  alt="Arm"
                  class="h-12 lg:h-16 w-auto object-contain mx-auto"
                  src="/images/adopters/logo-arm-white.svg"
                  style="padding: 1em;"
                />
              </span>
            </div>
          </div>
          <div
            aria-hidden="false"
            class="slick-slide slick-active"
            data-index="1"
            style="outline: none; width: 0px;"
            tabindex="-1"
          >
            <div>
              <span
                class="px-4"
                style="width: 100%; display: inline-block;"
                tabindex="-1"
              >
                <img
                  alt="Atlassian"
                  class="h-12 lg:h-16 w-auto object-contain mx-auto"
                  src="/images/adopters/logo-atlassian-white.svg"
                  style="padding: 0px;"
                />
              </span>
            </div>
          </div>
          <div
            aria-hidden="false"
            class="slick-slide slick-active"
            data-index="2"
            style="outline: none; width: 0px;"
            tabindex="-1"
          >
            <div>
              <span
                class="px-4"
                style="width: 100%; display: inline-block;"
                tabindex="-1"
              >
                <img
                  alt="Dynatrace"
                  class="h-12 lg:h-16 w-auto object-contain mx-auto"
                  src="/images/adopters/logo-dynatrace-white.png"
                  style="padding: 0px;"
                />
              </span>
            </div>
          </div>
          <div
            aria-hidden="false"
            class="slick-slide slick-active"
            data-index="3"
            style="outline: none; width: 0px;"
            tabindex="-1"
          >
            <div>
              <span
                class="px-4"
                style="width: 100%; display: inline-block;"
                tabindex="-1"
              >
                <img
                  alt="Mercedes-Benz Tech Innovation GmbH"
                  class="h-12 lg:h-16 w-auto object-contain mx-auto"
                  src="/images/adopters/logo-mercedes-benz-white.png"
                  style="padding: 0px;"
                />
              </span>
            </div>
          </div>
          <div
            aria-hidden="false"
            class="slick-slide slick-active"
            data-index="4"
            style="outline: none; width: 0px;"
            tabindex="-1"
          >
            <div>
              <span
                class="px-4"
                style="width: 100%; display: inline-block;"
                tabindex="-1"
              >
                <img
                  alt="Michelin"
                  class="h-12 lg:h-16 w-auto object-contain mx-auto"
                  src="/images/adopters/logo-michelin-white.svg"
                  style="padding: 0px;"
                />
              </span>
            </div>
          </div>
          <div
            aria-hidden="false"
            class="slick-slide slick-active"
            data-index="5"
            style="outline: none; width: 0px;"
            tabindex="-1"
          >
            <div>
              <span
                class="px-4"
                style="width: 100%; display: inline-block;"
                tabindex="-1"
              >
                <img
                  alt="Microsoft"
                  class="h-12 lg:h-16 w-auto object-contain mx-auto"
                  src="/images/adopters/logo-microsoft-white.svg"
                  style="padding: 0px;"
                />
              </span>
            </div>
          </div>
          <div
            aria-hidden="true"
            class="slick-slide"
            data-index="6"
            style="outline: none; width: 0px;"
            tabindex="-1"
          >
            <div>
              <span
                class="px-4"
                style="width: 100%; display: inline-block;"
                tabindex="-1"
              >
                <img
                  alt="MongoDB"
                  class="h-12 lg:h-16 w-auto object-contain mx-auto"
                  src="/images/adopters/logo-mongodb-white.svg"
                  style="padding: 0px;"
                />
              </span>
            </div>
          </div>
          <div
            aria-hidden="true"
            class="slick-slide"
            data-index="7"
            style="outline: none; width: 0px;"
            tabindex="-1"
          >
            <div>
              <span
                class="px-4"
                style="width: 100%; display: inline-block;"
                tabindex="-1"
              >
                <img
                  alt="Red Hat"
                  class="h-12 lg:h-16 w-auto object-contain mx-auto"
                  src="/images/adopters/Logo-RedHat-A-White-RGB.svg"
                  style="padding: 0px;"
                />
              </span>
            </div>
          </div>
          <div
            aria-hidden="true"
            class="slick-slide"
            data-index="8"
            style="outline: none; width: 0px;"
            tabindex="-1"
          >
            <div>
              <span
                class="px-4"
                style="width: 100%; display: inline-block;"
                tabindex="-1"
              >
                <img
                  alt="Societe Generale"
                  class="h-12 lg:h-16 w-auto object-contain mx-auto"
                  src="/images/adopters/logo-societe-generale-white.svg"
                  style="padding: 0px;"
                />
              </span>
            </div>
          </div>
          <div
            aria-hidden="true"
            class="slick-slide"
            data-index="9"
            style="outline: none; width: 0px;"
            tabindex="-1"
          >
            <div>
              <span
                class="px-4"
                style="width: 100%; display: inline-block;"
                tabindex="-1"
              >
                <img
                  alt="T-Systems"
                  class="h-12 lg:h-16 w-auto object-contain mx-auto"
                  src="/images/adopters/logo-t-systems-white.svg"
                  style="padding: 0px;"
                />
              </span>
            </div>
          </div>
          <div
            aria-hidden="true"
            class="slick-slide slick-cloned"
            data-index="10"
            style="width: 0px;"
            tabindex="-1"
          >
            <div>
              <span
                class="px-4"
                style="width: 100%; display: inline-block;"
                tabindex="-1"
              >
                <img
                  alt="Arm"
                  class="h-12 lg:h-16 w-auto object-contain mx-auto"
                  src="/images/adopters/logo-arm-white.svg"
                  style="padding: 1em;"
                />
              </span>
            </div>
          </div>
          <div
            aria-hidden="true"
            class="slick-slide slick-cloned"
            data-index="11"
            style="width: 0px;"
            tabindex="-1"
          >
            <div>
              <span
                class="px-4"
                style="width: 100%; display: inline-block;"
                tabindex="-1"
              >
                <img
                  alt="Atlassian"
                  class="h-12 lg:h-16 w-auto object-contain mx-auto"
                  src="/images/adopters/logo-atlassian-white.svg"
                  style="padding: 0px;"
                />
              </span>
            </div>
          </div>
          <div
            aria-hidden="true"
            class="slick-slide slick-cloned"
            data-index="12"
            style="width: 0px;"
            tabindex="-1"
          >
            <div>
              <span
                class="px-4"
                style="width: 100%; display: inline-block;"
                tabindex="-1"
              >
                <img
                  alt="Dynatrace"
                  class="h-12 lg:h-16 w-auto object-contain mx-auto"
                  src="/images/adopters/logo-dynatrace-white.png"
                  style="padding: 0px;"
                />
              </span>
            </div>
          </div>
          <div
            aria-hidden="true"
            class="slick-slide slick-cloned"
            data-index="13"
            style="width: 0px;"
            tabindex="-1"
          >
            <div>
              <span
                class="px-4"
                style="width: 100%; display: inline-block;"
                tabindex="-1"
              >
                <img
                  alt="Mercedes-Benz Tech Innovation GmbH"
                  class="h-12 lg:h-16 w-auto object-contain mx-auto"
                  src="/images/adopters/logo-mercedes-benz-white.png"
                  style="padding: 0px;"
                />
              </span>
            </div>
          </div>
          <div
            aria-hidden="true"
            class="slick-slide slick-cloned"
            data-index="14"
            style="width: 0px;"
            tabindex="-1"
          >
            <div>
              <span
                class="px-4"
                style="width: 100%; display: inline-block;"
                tabindex="-1"
              >
                <img
                  alt="Michelin"
                  class="h-12 lg:h-16 w-auto object-contain mx-auto"
                  src="/images/adopters/logo-michelin-white.svg"
                  style="padding: 0px;"
                />
              </span>
            </div>
          </div>
          <div
            aria-hidden="true"
            class="slick-slide slick-cloned"
            data-index="15"
            style="width: 0px;"
            tabindex="-1"
          >
            <div>
              <span
                class="px-4"
                style="width: 100%; display: inline-block;"
                tabindex="-1"
              >
                <img
                  alt="Microsoft"
                  class="h-12 lg:h-16 w-auto object-contain mx-auto"
                  src="/images/adopters/logo-microsoft-white.svg"
                  style="padding: 0px;"
                />
              </span>
            </div>
          </div>
          <div
            aria-hidden="true"
            class="slick-slide slick-cloned"
            data-index="16"
            style="width: 0px;"
            tabindex="-1"
          >
            <div>
              <span
                class="px-4"
                style="width: 100%; display: inline-block;"
                tabindex="-1"
              >
                <img
                  alt="MongoDB"
                  class="h-12 lg:h-16 w-auto object-contain mx-auto"
                  src="/images/adopters/logo-mongodb-white.svg"
                  style="padding: 0px;"
                />
              </span>
            </div>
          </div>
          <div
            aria-hidden="true"
            class="slick-slide slick-cloned"
            data-index="17"
            style="width: 0px;"
            tabindex="-1"
          >
            <div>
              <span
                class="px-4"
                style="width: 100%; display: inline-block;"
                tabindex="-1"
              >
                <img
                  alt="Red Hat"
                  class="h-12 lg:h-16 w-auto object-contain mx-auto"
                  src="/images/adopters/Logo-RedHat-A-White-RGB.svg"
                  style="padding: 0px;"
                />
              </span>
            </div>
          </div>
          <div
            aria-hidden="true"
            class="slick-slide slick-cloned"
            data-index="18"
            style="width: 0px;"
            tabindex="-1"
          >
            <div>
              <span
                class="px-4"
                style="width: 100%; display: inline-block;"
                tabindex="-1"
              >
                <img
                  alt="Societe Generale"
                  class="h-12 lg:h-16 w-auto object-contain mx-auto"
                  src="/images/adopters/logo-societe-generale-white.svg"
                  style="padding: 0px;"
                />
              </span>
            </div>
          </div>
          <div
            aria-hidden="true"
            class="slick-slide slick-cloned"
            data-index="19"
            style="width: 0px;"
            tabindex="-1"
          >
            <div>
              <span
                class="px-4"
                style="width: 100%; display: inline-block;"
                tabindex="-1"
              >
                <img
                  alt="T-Systems"
                  class="h-12 lg:h-16 w-auto object-contain mx-auto"
                  src="/images/adopters/logo-t-systems-white.svg"
                  style="padding: 0px;"
                />
              </span>
            </div>
          </div>
        </div>
      </div>
    </div>
  </div>
  <div
    class="w-full h-[1px] my-8 lg:my-16 bg-[#3E3355]"
  />
</main>
`;
