// Vitest Snapshot v1, https://vitest.dev/guide/snapshot.html

exports[`AQAvit page > renders correctly 1`] = `
<main>
  <div
    class="bg-purple sm:bg-contain bg-aqavit-hero bg-center bg-no-repeat relative"
  >
    <div
      class="relative isolate"
    >
      <div
        class="absolute sm:hidden top-[80px] z-[-1] left-[50%] translate-x-[-50%]"
      >
        <img
          alt="background-image"
        />
      </div>
      <div
        aria-hidden="true"
        class="absolute inset-x-0 -top-40 -z-10 transform-gpu overflow-hidden blur-3xl sm:-top-80"
      />
      <div
        class="max-w-[1264px] mx-auto flex justify-center items-center"
      >
        <div
          class="mx-auto max-w-[832px] w-full h-[680px] sm:h-[720px] px-8 lg:px-0 flex items-center"
        >
          <div
            class="text-center w-full"
          >
            <h1
              class="font-semibold leading-[72px] lg:leading-[120px] text-white-900 text-[64px] lg:text-[104px]"
            >
              Eclipse AQAvit™
            </h1>
            <p
              class="lg:my-10 mt-6  mb-10 md:text-2xl text-base text-white-600 leading-[25px] md:leading-8 font-semibold"
            >
              Eclipse AQAvit (TM): Eclipse AQAvit is the quality and runtime branding evaluation project for Java SE runtimes and associated technology. During a release, it takes a functionally complete Java runtime and ensures that all the additional qualities are present that make it suitable for production use. These quality criteria include good performance, exceptional security, resilience and endurance, and the ability to pass a wide variety of application test suites. In addition to verifying that functionally complete runtimes are release ready, the AQA tests may also serve to verify new functionality during runtime development.
            </p>
            <div
              class="mt-10 flex items-center sm:flex-row flex-col-reverse justify-center gap-6"
            >
              <a
                class="text-base underline transition duration-300 ease-in-out font-bold leading-6 text-white-900"
                href="https://projects.eclipse.org/projects/adoptium.aqavit"
                target="_blank"
              >
                Learn More
              </a>
              <a
                class="rounded-[80px] hover:shadow-2xl transition-all duration-300 bg-[#FF1464] border ease-in-out  border-[#FF1464] flex items-center justify-center gap-3 w-[244px] h-[56px] text-white font-bold leading-6 text-base"
                href="/en/docs/aqavit-verification/"
                placeholder="Download AQAvit"
              >
                Run AQAvit
              </a>
            </div>
          </div>
        </div>
      </div>
    </div>
  </div>
  <div>
    <div
      class="flex flex-col justify-center items-center text-center md:text-left p-4"
    >
      <div
        class="max-w-[700px]"
      >
        <h2
          class="text-3xl font-bold mb-4 mt-20 text-center"
        >
          The AQAvit Name
        </h2>
        <p
          class="text-base md:text-lg mb-8"
        >
          The AQAvit Name The AQAvit project gets its name from Adoptium Quality Assurance 'AQA' and 'vit' for vitality and speed. As the project engages with vendors and enterprise consumers, the test suite is expanded and improved to keep pace with the latest Java releases and to continuously raise the quality bar through collaboration and rigour.
        </p>
      </div>
      <div
        class="max-w-[700px]"
      >
        <h2
          class="text-3xl font-bold mb-8 text-center"
        >
          AQAvit Project Central
        </h2>
        <p
          class="text-base md:text-lgmb-8"
        >
          AQAvit Project Central As listed in the Developer Resources section of the Eclipse Foundation AQAvit project page, AQAvit is comprised of many repositories. The central one is the aqa-tests repository which houses the project's test definition files, much of the project's documentation and is the base for running the AQAvit test suite. To participate in the project, people are invited to join the Adoptium Slack workspace and ask questions in the #testing-aqavit channel.
        </p>
      </div>
      <div
        class="max-w-[700px]"
      >
        <h2
          class="text-3xl font-bold mb-8 text-center"
        >
          AQAvit Verification
        </h2>
        <p
          class="text-base md:text-lg mb-4"
        >
          AQAvit Verification The AQAvit project was created to "make quality certain to happen." AQAvit certification is achieved through the process of running and passing a prescribed and versioned set of tests in the AQAvit test suite.
        </p>
        <a
          class="text-base underline transition duration-300 ease-in-out font-bold leading-6 text-white-900"
          href="/en#"
        >
          Learn how to run AQAvit
        </a>
      </div>
    </div>
  </div>
  <div
    class="w-full h-[1px] my-8 lg:my-16 bg-[#3E3355]"
  />
</main>
`;
