// Vitest Snapshot v1, https://vitest.dev/guide/snapshot.html

exports[`NavBar component > navbar renders correctly 1`] = `
<div>
  <header
    class="absolute max-w-[1288px] w-full mx-auto px-3 inset-x-0 top-0 z-50"
  >
    <nav
      aria-label="Global"
      class="flex items-center gap-5 justify-between py-6"
    >
      <a
        href="/"
      >
        <img
          alt="Adoptium Logo"
          class="h-10"
        />
      </a>
      <div
        class="flex lg:hidden"
      >
        <button
          class="-m-2.5 inline-flex items-center justify-center rounded-md p-2.5 text-white-700"
          type="button"
        >
          <span
            class="sr-only"
          >
            Open main menu
          </span>
          <svg
            fill="none"
            height="48"
            viewBox="0 0 48 48"
            width="48"
            xmlns="http://www.w3.org/2000/svg"
          >
            <rect
              height="46"
              rx="23"
              stroke="#3E3355"
              stroke-width="2"
              width="46"
              x="1"
              y="1"
            />
            <path
              d="M15 24H33"
              stroke="white"
              stroke-linecap="round"
              stroke-linejoin="round"
              stroke-width="1.5"
            />
            <path
              d="M15 18H33"
              stroke="white"
              stroke-linecap="round"
              stroke-linejoin="round"
              stroke-width="1.5"
            />
            <path
              d="M15 30H33"
              stroke="white"
              stroke-linecap="round"
              stroke-linejoin="round"
              stroke-width="1.5"
            />
          </svg>
        </button>
      </div>
      <div
        class="hidden lg:flex lg:gap-6 xl:gap-x-12"
      >
        <div
          class="relative inline-block text-left"
          data-headlessui-state=""
        >
          <div>
            <button
              aria-expanded="false"
              aria-haspopup="menu"
              class="inline-flex w-full gap-2 justify-center rounded-md text-sm font-semibold text-white-900 hover:bg-white-50"
              data-headlessui-state=""
              id="headlessui-menu-button-:r0:"
              type="button"
            >
              About Us
              <svg
                aria-hidden="true"
                class="-mr-1 mt-1"
                fill="currentColor"
                height="1em"
                stroke="currentColor"
                stroke-width="0"
                viewBox="0 0 448 512"
                width="1em"
                xmlns="http://www.w3.org/2000/svg"
              >
                <path
                  d="M207.029 381.476L12.686 187.132c-9.373-9.373-9.373-24.569 0-33.941l22.667-22.667c9.357-9.357 24.522-9.375 33.901-.04L224 284.505l154.745-154.021c9.379-9.335 24.544-9.317 33.901.04l22.667 22.667c9.373 9.373 9.373 24.569 0 33.941L240.971 381.476c-9.373 9.372-24.569 9.372-33.942 0z"
                />
              </svg>
            </button>
          </div>
        </div>
        <a
          class="text-sm font-semibold leading-6 text-white-900"
          href="#"
        >
          Latest Releases
        </a>
        <a
          class="text-sm font-semibold leading-6 text-white-900"
          href="#"
        >
          Marketplace
        </a>
        <div
          class="relative inline-block text-left"
          data-headlessui-state=""
        >
          <div>
            <button
              aria-expanded="false"
              aria-haspopup="menu"
              class="inline-flex w-full gap-2 justify-center rounded-md text-sm font-semibold text-white-900 hover:bg-white-50"
              data-headlessui-state=""
              id="headlessui-menu-button-:r1:"
              type="button"
            >
              Projects
              <svg
                aria-hidden="true"
                class="-mr-1 mt-1"
                fill="currentColor"
                height="1em"
                stroke="currentColor"
                stroke-width="0"
                viewBox="0 0 448 512"
                width="1em"
                xmlns="http://www.w3.org/2000/svg"
              >
                <path
                  d="M207.029 381.476L12.686 187.132c-9.373-9.373-9.373-24.569 0-33.941l22.667-22.667c9.357-9.357 24.522-9.375 33.901-.04L224 284.505l154.745-154.021c9.379-9.335 24.544-9.317 33.901.04l22.667 22.667c9.373 9.373 9.373 24.569 0 33.941L240.971 381.476c-9.373 9.372-24.569 9.372-33.942 0z"
                />
              </svg>
            </button>
          </div>
        </div>
        <div
          class="relative inline-block text-left"
          data-headlessui-state=""
        >
          <div>
            <button
              aria-expanded="false"
              aria-haspopup="menu"
              class="inline-flex w-full gap-2 justify-center rounded-md text-sm font-semibold text-white-900 hover:bg-white-50"
              data-headlessui-state=""
              id="headlessui-menu-button-:r2:"
              type="button"
            >
              Resources
              <svg
                aria-hidden="true"
                class="-mr-1 mt-1"
                fill="currentColor"
                height="1em"
                stroke="currentColor"
                stroke-width="0"
                viewBox="0 0 448 512"
                width="1em"
                xmlns="http://www.w3.org/2000/svg"
              >
                <path
                  d="M207.029 381.476L12.686 187.132c-9.373-9.373-9.373-24.569 0-33.941l22.667-22.667c9.357-9.357 24.522-9.375 33.901-.04L224 284.505l154.745-154.021c9.379-9.335 24.544-9.317 33.901.04l22.667 22.667c9.373 9.373 9.373 24.569 0 33.941L240.971 381.476c-9.373 9.372-24.569 9.372-33.942 0z"
                />
              </svg>
            </button>
          </div>
        </div>
        <div
          class="relative inline-block text-left"
          data-headlessui-state=""
        >
          <div>
            <button
              aria-expanded="false"
              aria-haspopup="menu"
              class="inline-flex w-full gap-2 justify-center rounded-md text-sm font-semibold text-white-900 hover:bg-white-50"
              data-headlessui-state=""
              id="headlessui-menu-button-:r3:"
              type="button"
            >
              Community
              <svg
                aria-hidden="true"
                class="-mr-1 mt-1"
                fill="currentColor"
                height="1em"
                stroke="currentColor"
                stroke-width="0"
                viewBox="0 0 448 512"
                width="1em"
                xmlns="http://www.w3.org/2000/svg"
              >
                <path
                  d="M207.029 381.476L12.686 187.132c-9.373-9.373-9.373-24.569 0-33.941l22.667-22.667c9.357-9.357 24.522-9.375 33.901-.04L224 284.505l154.745-154.021c9.379-9.335 24.544-9.317 33.901.04l22.667 22.667c9.373 9.373 9.373 24.569 0 33.941L240.971 381.476c-9.373 9.372-24.569 9.372-33.942 0z"
                />
              </svg>
            </button>
          </div>
        </div>
      </div>
      <button
        class="rounded-[88px] hidden sm:block bg-transparent gradient-border border-2  border-pink-500/0 text-white text-sm font-semibold w-[153px] h-[48px]"
      >
        Contact Us
      </button>
    </nav>
    <div
      style="position: fixed; top: 1px; left: 1px; width: 1px; height: 0px; padding: 0px; margin: -1px; overflow: hidden; clip: rect(0px, 0px, 0px, 0px); white-space: nowrap; border-width: 0px; display: none;"
    />
  </header>
</div>
`;
