// Vitest Snapshot v1, https://vitest.dev/guide/snapshot.html

exports[`NavBar component > navbar renders correctly 1`] = `
<div>
  <header
    class="sticky inset-x-0 top-0 z-50 "
  >
    <div
      class="max-w-[1288px] w-full mx-auto px-3"
    >
      <nav
        aria-label="Global"
        class="flex items-center gap-5 justify-between py-6"
      >
        <a
          href="/en/"
          placeholder="homepage"
        >
          <img
            alt="Adoptium Logo"
            class="h-10"
          />
        </a>
        <div
          class="flex items-center gap-4"
        >
          <div
            class="hidden lg:flex lg:gap-6 xl:gap-x-12"
          >
            <div
              class="relative inline-block text-left"
              data-headlessui-state=""
            >
              <div>
                <button
                  aria-expanded="false"
                  aria-haspopup="menu"
                  class="inline-flex w-full gap-2 justify-center rounded-md text-sm font-semibold text-white-900 hover:bg-white-50"
                  data-headlessui-state=""
                  id="headlessui-menu-button-:r2:"
                  type="button"
                >
                  About Us
                  <svg
                    aria-hidden="true"
                    class="-mr-1 mt-1"
                    fill="currentColor"
                    height="1em"
                    stroke="currentColor"
                    stroke-width="0"
                    viewBox="0 0 448 512"
                    width="1em"
                    xmlns="http://www.w3.org/2000/svg"
                  >
                    <path
                      d="M207.029 381.476L12.686 187.132c-9.373-9.373-9.373-24.569 0-33.941l22.667-22.667c9.357-9.357 24.522-9.375 33.901-.04L224 284.505l154.745-154.021c9.379-9.335 24.544-9.317 33.901.04l22.667 22.667c9.373 9.373 9.373 24.569 0 33.941L240.971 381.476c-9.373 9.372-24.569 9.372-33.942 0z"
                    />
                  </svg>
                </button>
              </div>
            </div>
            <a
              class="text-sm font-semibold leading-6 text-white-900"
              href="/en/temurin/releases"
            >
              Latest Releases
            </a>
            <a
              class="text-sm font-semibold leading-6 text-white-900"
              href="/en/marketplace"
            >
              Marketplace
            </a>
            <div
              class="relative inline-block text-left"
              data-headlessui-state=""
            >
              <div>
                <button
                  aria-expanded="false"
                  aria-haspopup="menu"
                  class="inline-flex w-full gap-2 justify-center rounded-md text-sm font-semibold text-white-900 hover:bg-white-50"
                  data-headlessui-state=""
                  id="headlessui-menu-button-:r5:"
                  type="button"
                >
                  Projects
                  <svg
                    aria-hidden="true"
                    class="-mr-1 mt-1"
                    fill="currentColor"
                    height="1em"
                    stroke="currentColor"
                    stroke-width="0"
                    viewBox="0 0 448 512"
                    width="1em"
                    xmlns="http://www.w3.org/2000/svg"
                  >
                    <path
                      d="M207.029 381.476L12.686 187.132c-9.373-9.373-9.373-24.569 0-33.941l22.667-22.667c9.357-9.357 24.522-9.375 33.901-.04L224 284.505l154.745-154.021c9.379-9.335 24.544-9.317 33.901.04l22.667 22.667c9.373 9.373 9.373 24.569 0 33.941L240.971 381.476c-9.373 9.372-24.569 9.372-33.942 0z"
                    />
                  </svg>
                </button>
              </div>
            </div>
            <div
              class="relative inline-block text-left"
              data-headlessui-state=""
            >
              <div>
                <button
                  aria-expanded="false"
                  aria-haspopup="menu"
                  class="inline-flex w-full gap-2 justify-center rounded-md text-sm font-semibold text-white-900 hover:bg-white-50"
                  data-headlessui-state=""
                  id="headlessui-menu-button-:r8:"
                  type="button"
                >
                  Resources
                  <svg
                    aria-hidden="true"
                    class="-mr-1 mt-1"
                    fill="currentColor"
                    height="1em"
                    stroke="currentColor"
                    stroke-width="0"
                    viewBox="0 0 448 512"
                    width="1em"
                    xmlns="http://www.w3.org/2000/svg"
                  >
                    <path
                      d="M207.029 381.476L12.686 187.132c-9.373-9.373-9.373-24.569 0-33.941l22.667-22.667c9.357-9.357 24.522-9.375 33.901-.04L224 284.505l154.745-154.021c9.379-9.335 24.544-9.317 33.901.04l22.667 22.667c9.373 9.373 9.373 24.569 0 33.941L240.971 381.476c-9.373 9.372-24.569 9.372-33.942 0z"
                    />
                  </svg>
                </button>
              </div>
            </div>
            <div
              class="relative inline-block text-left"
              data-headlessui-state=""
            >
              <div>
                <button
                  aria-expanded="false"
                  aria-haspopup="menu"
                  class="inline-flex w-full gap-2 justify-center rounded-md text-sm font-semibold text-white-900 hover:bg-white-50"
                  data-headlessui-state=""
                  id="headlessui-menu-button-:rb:"
                  type="button"
                >
                  Community
                  <svg
                    aria-hidden="true"
                    class="-mr-1 mt-1"
                    fill="currentColor"
                    height="1em"
                    stroke="currentColor"
                    stroke-width="0"
                    viewBox="0 0 448 512"
                    width="1em"
                    xmlns="http://www.w3.org/2000/svg"
                  >
                    <path
                      d="M207.029 381.476L12.686 187.132c-9.373-9.373-9.373-24.569 0-33.941l22.667-22.667c9.357-9.357 24.522-9.375 33.901-.04L224 284.505l154.745-154.021c9.379-9.335 24.544-9.317 33.901.04l22.667 22.667c9.373 9.373 9.373 24.569 0 33.941L240.971 381.476c-9.373 9.372-24.569 9.372-33.942 0z"
                    />
                  </svg>
                </button>
              </div>
            </div>
          </div>
          <div
            class="flex space-x-3 h-12"
          >
            <div
              class="hidden sm:block"
            >
              <div
                class="relative inline-block text-left"
                data-headlessui-state=""
              >
                <div>
                  <button
                    aria-expanded="false"
                    aria-haspopup="menu"
                    class="inline-flex w-full justify-center gap-3 rounded-3xl bg-transparent h-full px-4 py-3 text-sm text-white shadow-xs border-2 border-gray-700"
                    data-headlessui-state=""
                    id="headlessui-menu-button-:re:"
                    type="button"
                  >
                    Flag
                    <span>
                      English
                    </span>
                    <svg
                      aria-hidden="true"
                      class="-mr-1 h-5 w-5 text-white"
                      fill="currentColor"
                      height="15"
                      stroke="currentColor"
                      stroke-width="0"
                      viewBox="0 0 448 512"
                      width="15"
                      xmlns="http://www.w3.org/2000/svg"
                    >
                      <path
                        d="M207.029 381.476L12.686 187.132c-9.373-9.373-9.373-24.569 0-33.941l22.667-22.667c9.357-9.357 24.522-9.375 33.901-.04L224 284.505l154.745-154.021c9.379-9.335 24.544-9.317 33.901.04l22.667 22.667c9.373 9.373 9.373 24.569 0 33.941L240.971 381.476c-9.373 9.372-24.569 9.372-33.942 0z"
                      />
                    </svg>
                  </button>
                </div>
              </div>
            </div>
            <div
              class="p-3 h-full rounded-3xl border-2 border-gray-700 justify-start items-center gap-3 inline-flex cursor-pointer"
            >
              <div
                aria-label="checksum"
                class="relative"
              >
                <svg
                  fill="currentColor"
                  height="20"
                  stroke="currentColor"
                  stroke-width="0"
                  viewBox="0 0 448 512"
                  width="20"
                  xmlns="http://www.w3.org/2000/svg"
                >
                  <path
                    d="M439.39 362.29c-19.32-20.76-55.47-51.99-55.47-154.29 0-77.7-54.48-139.9-127.94-155.16V32c0-17.67-14.32-32-31.98-32s-31.98 14.33-31.98 32v20.84C118.56 68.1 64.08 130.3 64.08 208c0 102.3-36.15 133.53-55.47 154.29-6 6.45-8.66 14.16-8.61 21.71.11 16.4 12.98 32 32.1 32h383.8c19.12 0 32-15.6 32.1-32 .05-7.55-2.61-15.27-8.61-21.71zM67.53 368c21.22-27.97 44.42-74.33 44.53-159.42 0-.2-.06-.38-.06-.58 0-61.86 50.14-112 112-112s112 50.14 112 112c0 .2-.06.38-.06.58.11 85.1 23.31 131.46 44.53 159.42H67.53zM224 512c35.32 0 63.97-28.65 63.97-64H160.03c0 35.35 28.65 64 63.97 64z"
                  />
                </svg>
                <span
                  class="absolute -top-1 -right-1 h-4 w-4 bg-red-500 rounded-full text-xs text-white font-bold flex items-center justify-center"
                >
                  1 
                </span>
              </div>
            </div>
            <div
              class="hidden lg:flex items-center"
            >
              <div
                class="relative group"
              >
                <button
                  aria-label="View classic site"
                  class="text-gray-300 rounded-full p-1.5 hover:bg-[#3E3355] transition-all border border-gray-600"
                >
                  <svg
                    fill="currentColor"
                    height="20"
                    stroke="currentColor"
                    stroke-width="0"
                    viewBox="0 0 24 24"
                    width="20"
                    xmlns="http://www.w3.org/2000/svg"
                  >
                    <path
                      d="M8,3 L3,8 L8,13 M12,20 L15,20 C18.3137085,20 21,17.3137085 21,14 C21,10.6862915 18.3137085,8 15,8 L4,8"
                      fill="none"
                      stroke-width="2"
                    />
                  </svg>
                </button>
                <span
                  class="absolute -left-12 bottom-full mb-2 hidden group-hover:block whitespace-nowrap rounded bg-[#3E3355] p-1 px-2 text-xs text-gray-300"
                >
                  View classic site
                </span>
              </div>
            </div>
          </div>
          <div
            class="flex lg:hidden ml-3"
          >
            <button
              class="-m-2.5 inline-flex items-center justify-center rounded-md text-white-700"
              type="button"
            >
              <span
                class="sr-only"
              >
                Open main menu
              </span>
              <div
                class="border-2 border-[#3e3355] p-3 rounded-full"
              >
                <svg
                  class="text-2xl"
                  fill="currentColor"
                  height="1em"
                  stroke="currentColor"
                  stroke-width="0"
                  viewBox="0 0 16 16"
                  width="1em"
                  xmlns="http://www.w3.org/2000/svg"
                >
                  <path
                    d="M2.5 12a.5.5 0 0 1 .5-.5h10a.5.5 0 0 1 0 1H3a.5.5 0 0 1-.5-.5m0-4a.5.5 0 0 1 .5-.5h10a.5.5 0 0 1 0 1H3a.5.5 0 0 1-.5-.5m0-4a.5.5 0 0 1 .5-.5h10a.5.5 0 0 1 0 1H3a.5.5 0 0 1-.5-.5"
                    fill-rule="evenodd"
                  />
                </svg>
              </div>
            </button>
          </div>
        </div>
      </nav>
    </div>
  </header>
</div>
`;
