// Vitest Snapshot v1, https://vitest.dev/guide/snapshot.html

exports[`PageHeader component > does not render without a subtitle 1`] = `<div />`;

exports[`PageHeader component > does not render without a title 1`] = `<div />`;

exports[`PageHeader component > should render correctly 1`] = `<div />`;
