// Vitest Snapshot v1, https://vitest.dev/guide/snapshot.html

exports[`VersionSelector > updates the number of builds and build date when the inputs change 1`] = `
"[36m<div>[39m
  [36m<div[39m
    [33mclass[39m=[32m"max-w-3xl mx-auto my-8"[39m
  [36m>[39m
    [36m<h3[39m
      [33mclass[39m=[32m"text-xl text-white mb-4 font-medium text-center"[39m
    [36m/>[39m
    [36m<div[39m
      [33mclass[39m=[32m"bg-[#26193F] rounded-xl p-6 mb-8"[39m
    [36m>[39m
      [36m<div[39m
        [33mclass[39m=[32m"flex flex-col md:flex-row md:items-end gap-6 justify-center"[39m
      [36m>[39m
        [36m<div[39m
          [33mclass[39m=[32m"w-full md:w-auto"[39m
        [36m>[39m
          [36m<label[39m
            [33mclass[39m=[32m"block text-gray-300 mb-2 font-medium"[39m
            [33mfor[39m=[32m"version"[39m
          [36m/>[39m
          [36m<select[39m
            [33maria-label[39m=[32m"version-filter"[39m
            [33mclass[39m=[32m"w-full md:w-auto px-4 py-2 bg-[#200E46] border border-[#3E3355] rounded-lg text-white focus:outline-none focus:ring-2 focus:ring-[#FF1464]"[39m
            [33mdata-testid[39m=[32m"version-filter"[39m
            [33mid[39m=[32m"version-filter"[39m
          [36m>[39m
            [36m<option[39m
              [33mvalue[39m=[32m"24"[39m
            [36m>[39m
              [0m24 - EA[0m
            [36m</option>[39m
            [36m<option[39m
              [33mvalue[39m=[32m"23"[39m
            [36m>[39m
              [0m23 - EA[0m
            [36m</option>[39m
            [36m<option[39m
              [33mvalue[39m=[32m"22"[39m
            [36m>[39m
              [0m22 - EA[0m
            [36m</option>[39m
            [36m<option[39m
              [33mvalue[39m=[32m"21"[39m
            [36m>[39m
              [0m21 - EA[0m
            [36m</option>[39m
            [36m<option[39m
              [33mvalue[39m=[32m"20"[39m
            [36m>[39m
              [0m20 - EA[0m
            [36m</option>[39m
            [36m<option[39m
              [33mvalue[39m=[32m"19"[39m
            [36m>[39m
              [0m19 - EA[0m
            [36m</option>[39m
            [36m<option[39m
              [33mvalue[39m=[32m"18"[39m
            [36m>[39m
              [0m18 - EA[0m
            [36m</option>[39m
            [36m<option[39m
              [33mvalue[39m=[32m"17"[39m
            [36m>[39m
              [0m17 - EA[0m
            [36m</option>[39m
            [36m<option[39m
              [33mvalue[39m=[32m"16"[39m
            [36m>[39m
              [0m16 - EA[0m
            [36m</option>[39m
            [36m<option[39m
              [33mvalue[39m=[32m"2"[39m
            [36m>[39m
              [0m2[0m
            [36m</option>[39m
            [36m<option[39m
              [33mvalue[39m=[32m"1"[39m
            [36m>[39m
              [0m1 - LTS[0m
            [36m</option>[39m
          [36m</select>[39m
        [36m</div>[39m
        [36m<div[39m
          [33mclass[39m=[32m"w-full md:w-auto"[39m
        [36m>[39m
          [36m<label[39m
            [33mclass[39m=[32m"block text-gray-300 mb-2 font-medium"[39m
            [33mfor[39m=[32m"build-num-filter"[39m
          [36m/>[39m
          [36m<select[39m
            [33maria-label[39m=[32m"Filter by number of builds"[39m
            [33mclass[39m=[32m"w-full md:w-auto px-4 py-2 bg-[#200E46] border border-[#3E3355] rounded-lg text-white focus:outline-none focus:ring-2 focus:ring-[#FF1464]"[39m
            [33mdata-testid[39m=[32m"build-num-filter"[39m
            [33mid[39m=[32m"build-num-filter"[39m
          [36m>[39m
            [36m<option[39m
              [33mvalue[39m=[32m"1"[39m
            [36m>[39m
              [0m1[0m
            [36m</option>[39m
            [36m<option[39m
              [33mselected[39m=[32m""[39m
              [33mvalue[39m=[32m"5"[39m
            [36m>[39m
              [0m5[0m
            [36m</option>[39m
            [36m<option[39m
              [33mvalue[39m=[32m"10"[39m
            [36m>[39m
              [0m10[0m
            [36m</option>[39m
            [36m<option[39m
              [33mvalue[39m=[32m"20"[39m
            [36m>[39m
              [0m20[0m
            [36m</option>[39m
            [36m<option[39m
              [33mvalue[39m=[32m"50"[39m
            [36m>[39m
              [0m50[0m
            [36m</option>[39m
          [36m</select>[39m
        [36m</div>[39m
        [36m<div[39m
          [33mclass[39m=[32m"w-full md:w-auto"[39m
        [36m>[39m
          [36m<label[39m
            [33mclass[39m=[32m"block text-gray-300 mb-2 font-medium"[39m
            [33mfor[39m=[32m"build-date"[39m
          [36m/>[39m
          [36m<input[39m
            [33maria-label[39m=[32m"Build Date"[39m
            [33mclass[39m=[32m"w-full md:w-auto px-4 py-2 bg-[#200E46] border border-[#3E3355] rounded-lg text-white focus:outline-none focus:ring-2 focus:ring-[#FF1464] date-picker"[39m
            [33mid[39m=[32m"build-date"[39m
            [33mmax[39m=[32m"2025-05-27"[39m
            [33mtype[39m=[32m"date"[39m
            [33mvalue[39m=[32m"2022-01-01"[39m
          [36m/>[39m
        [36m</div>[39m
      [36m</div>[39m
    [36m</div>[39m
  [36m</div>[39m
  [36m<div>[39m
    [0mTable[0m
  [36m</div>[39m
[36m</div>[39m"
`;
