// Vitest Snapshot v1, https://vitest.dev/guide/snapshot.html

exports[`WGProjects component > renders correctly 1`] = `
<div>
  <div
    class="bg-blue py-24 sm:py-28"
  >
    <div
      class="mx-auto max-w-3xl md:max-w-7xl w-full px-6 xl:px-0"
    >
      <div
        class="mx-auto max-w-4xl sm:text-center"
      >
        <h2
          class="text-center text-2xl md:text-5xl font-semibold text-white md:leading-[56px] leading-[44px] mb-4"
        >
          Discover all our projects
        </h2>
      </div>
      <div
        class="flex flex-col justify-center items-center"
      >
        <p
          class="mt-6 max-w-2xl mb-0 text-base leading-6 text-grey text-center md:text-justify md:[text-align-last:center]"
        >
          Eclipse Adoptium provides runtime binaries that are high performance, enterprise-caliber, cross-platform, open-source licensed, Java SE TCK-tested and compliant for general use across the Java ecosystem. Eclipse Adoptium also provides artifacts including open-source infrastructure as code, a comprehensive continuous integration build and test farm, and extensive quality assurance tests. These artifacts may be used by Eclipse Adoptium projects and other runtime technology builders to ensure the provision of secure, Java SE TCK-tested and compliant, production-ready runtimes.
        </p>
      </div>
      <div
        class="mt-16 mb-8 flex md:h-[30em] justify-around lg:justify-between flex-wrap lg:flex-nowrap gap-6 xl:gap-8"
      >
        <div
          class="max-w-xl w-full h-full"
        >
          <div
            class="bg-white/5 flex justify-between h-full flex-col p-8 xl:p-12 rounded-3xl border-2 border-white/50"
          >
            <img
              alt="Eclipse Temurin™ logo"
              class="w-[140px]"
              src="/images/projects/temurin-project.svg"
            />
            <div
              class="flex-col justify-center items-start gap-2"
            >
              <div
                class="justify-start items-center gap-3 inline-flex pt-4"
              >
                <svg
                  fill="none"
                  height="14"
                  viewBox="0 0 14 14"
                  width="14"
                  xmlns="http://www.w3.org/2000/svg"
                >
                  <rect
                    fill="#FF1464"
                    height="8"
                    rx="2"
                    width="8"
                    x="3"
                    y="3"
                  />
                  <rect
                    height="11"
                    rx="3.5"
                    stroke="#FF1464"
                    stroke-opacity="0.25"
                    stroke-width="3"
                    width="11"
                    x="1.5"
                    y="1.5"
                  />
                </svg>
                <p
                  class="text-rose-600 mb-0 text-base leading-6 font-bold"
                >
                  Runtimes and Development Kits
                </p>
              </div>
              <h2
                class="text-white text-xl md:text-3xl leading-8 md:leading-10 font-semibold mt-2"
              >
                Eclipse Temurin™
              </h2>
              <a
                href="/en/temurin"
              >
                <button
                  class="bg-transparent border-2 mt-8 sm:mt-10 border-pink-500/0 text-whit text-base leading-6 font-bold w-[148px] h-[48px] rounded-2xl gradient-border"
                >
                  Learn More
                </button>
              </a>
            </div>
          </div>
        </div>
        <div
          class="max-w-xl w-full h-full"
        >
          <div
            class="bg-white/5 flex justify-between h-full flex-col p-8 xl:p-12 rounded-3xl border-2 border-white/50"
          >
            <img
              alt="Eclipse AQAvit logo"
              class="w-[140px]"
              src="/images/projects/aqavit-project.svg"
            />
            <div
              class="flex-col justify-center items-start gap-2"
            >
              <div
                class="justify-start items-center gap-3 inline-flex pt-4"
              >
                <svg
                  fill="none"
                  height="14"
                  viewBox="0 0 14 14"
                  width="14"
                  xmlns="http://www.w3.org/2000/svg"
                >
                  <rect
                    fill="#FF1464"
                    height="8"
                    rx="2"
                    width="8"
                    x="3"
                    y="3"
                  />
                  <rect
                    height="11"
                    rx="3.5"
                    stroke="#FF1464"
                    stroke-opacity="0.25"
                    stroke-width="3"
                    width="11"
                    x="1.5"
                    y="1.5"
                  />
                </svg>
                <p
                  class="text-rose-600 mb-0 text-base leading-6 font-bold"
                >
                  Quality Assurance
                </p>
              </div>
              <h2
                class="text-white text-xl md:text-3xl leading-8 md:leading-10 font-semibold mt-2"
              >
                Eclipse AQAvit
              </h2>
              <a
                href="/en/aqavit"
              >
                <button
                  class="bg-transparent border-2 mt-8 sm:mt-10 border-pink-500/0 text-whit text-base leading-6 font-bold w-[148px] h-[48px] rounded-2xl gradient-border"
                >
                  Learn More
                </button>
              </a>
            </div>
          </div>
        </div>
        <div
          class="max-w-xl w-full h-full"
        >
          <div
            class="bg-white/5 flex justify-between h-full flex-col p-8 xl:p-12 rounded-3xl border-2 border-white/50"
          >
            <img
              alt="Eclipse Mission Control logo"
              class="w-[140px]"
              src="/images/projects/mc-project.svg"
            />
            <div
              class="flex-col justify-center items-start gap-2"
            >
              <div
                class="justify-start items-center gap-3 inline-flex pt-4"
              >
                <svg
                  fill="none"
                  height="14"
                  viewBox="0 0 14 14"
                  width="14"
                  xmlns="http://www.w3.org/2000/svg"
                >
                  <rect
                    fill="#FF1464"
                    height="8"
                    rx="2"
                    width="8"
                    x="3"
                    y="3"
                  />
                  <rect
                    height="11"
                    rx="3.5"
                    stroke="#FF1464"
                    stroke-opacity="0.25"
                    stroke-width="3"
                    width="11"
                    x="1.5"
                    y="1.5"
                  />
                </svg>
                <p
                  class="text-rose-600 mb-0 text-base leading-6 font-bold"
                >
                  JDK Mission Control
                </p>
              </div>
              <h2
                class="text-white text-xl md:text-3xl leading-8 md:leading-10 font-semibold mt-2"
              >
                Eclipse Mission Control
              </h2>
              <a
                href="/en/jmc"
              >
                <button
                  class="bg-transparent border-2 mt-8 sm:mt-10 border-pink-500/0 text-whit text-base leading-6 font-bold w-[148px] h-[48px] rounded-2xl gradient-border"
                >
                  Learn More
                </button>
              </a>
            </div>
          </div>
        </div>
      </div>
    </div>
  </div>
</div>
`;
