// Vitest Snapshot v1, https://vitest.dev/guide/snapshot.html

exports[`RandomContributor component > 1 contribution should render as contribution (not contributions) 1`] = `
<div>
  <div
    class="flex items-center justify-center p-4 space-x-4 w-[325px] rounded-3xl border border-white/50"
  >
    <div
      class="random-contributor__avatar"
    >
      <a
        href="profileUri_mock"
        rel="nofollow noopener noreferrer"
        target="_blank"
      >
        <img
          alt="Avatar of an Adoptium contributor"
          class="w-[150px] !mb-0 mw-[60px] rounded-full"
          src="avatarUri_mock"
        />
      </a>
    </div>
    <div
      class="random-contributor__thank text-white text-sm font-normal leading-6"
    >
      Text
    </div>
  </div>
</div>
`;

exports[`RandomContributor component > should render correctly 1`] = `
<div>
  <div
    class="flex items-center justify-center p-4 space-x-4 w-[325px] rounded-3xl border border-white/50"
  >
    <div
      class="random-contributor__avatar"
    >
      <a
        href="profileUri_mock"
        rel="nofollow noopener noreferrer"
        target="_blank"
      >
        <img
          alt="Avatar of an Adoptium contributor"
          class="w-[150px] !mb-0 mw-[60px] rounded-full"
          src="avatarUri_mock"
        />
      </a>
    </div>
    <div
      class="random-contributor__thank text-white text-sm font-normal leading-6"
    >
      Text
    </div>
  </div>
</div>
`;

exports[`RandomContributor component > should render loading animation until data will be fetched 1`] = `
<div>
  <div
    class="flex items-center justify-center p-4 space-x-4 w-[325px] rounded-3xl border border-white/50"
  >
    <div
      class="animated-placeholder"
    >
      <div
        class="animated-placeholder__image"
      />
      <div
        class="animated-placeholder__text"
      >
        <div
          class="animated-placeholder__text-line"
        />
        <div
          class="animated-placeholder__text-line"
        />
        <div
          class="animated-placeholder__text-line"
        />
        <div
          class="animated-placeholder__text-line"
        />
      </div>
    </div>
  </div>
</div>
`;
